src/app/(dashboard)/dashboard/suppliers/[id]/edit/page.tsx(15,56): error TS2322: Type '{ name: string; id: string; email: string | null; createdAt: Date; updatedAt: Date; phone: string | null; address: string | null; }' is not assignable to type '{ id: string; name: string; email: string; phone: string | null; address: string | null; }'.
  Types of property 'email' are incompatible.
    Type 'string | null' is not assignable to type 'string'.
      Type 'null' is not assignable to type 'string'.
src/app/(dashboard)/dashboard/suppliers/page.tsx(43,17): error TS2322: Type '{ name: string; id: string; email: string | null; createdAt: Date; updatedAt: Date; phone: string | null; address: string | null; }[]' is not assignable to type 'Supplier[]'.
  Type '{ name: string; id: string; email: string | null; createdAt: Date; updatedAt: Date; phone: string | null; address: string | null; }' is not assignable to type 'Supplier'.
    Types of property 'email' are incompatible.
      Type 'string | null' is not assignable to type 'string'.
        Type 'null' is not assignable to type 'string'.
